SER	1	A	0.0	0.0	153.5	0.0
LEU	2	A	0.0	0.0	246.75	0.0
