Res	ResID	ChainID	pm.pdb.B10250001_out/pm.pdb.B10250001_out.pdb	pm.pdb.B10410001_out/pm.pdb.B10410001_out.pdb	pm.pdb.B10220001_out/pm.pdb.B10220001_out.pdb	pm.pdb.B10580001_out/pm.pdb.B10580001_out.pdb	pm.pdb.B10620001_out/pm.pdb.B10620001_out.pdb	pm.pdb.B10320001_out/pm.pdb.B10320001_out.pdb	pm.pdb.B10270001_out/pm.pdb.B10270001_out.pdb	pm.pdb.B10370001_out/pm.pdb.B10370001_out.pdb	pm.pdb.B10450001_out/pm.pdb.B10450001_out.pdb	pm.pdb.B10390001_out/pm.pdb.B10390001_out.pdb	pm.pdb.B10160001_out/pm.pdb.B10160001_out.pdb	pm.pdb.B10740001_out/pm.pdb.B10740001_out.pdb	pm.pdb.B10690001_out/pm.pdb.B10690001_out.pdb	pm.pdb.B10010001_out/pm.pdb.B10010001_out.pdb	pm.pdb.B10480001_out/pm.pdb.B10480001_out.pdb	pm.pdb.B10020001_out/pm.pdb.B10020001_out.pdb	pm.pdb.B10300001_out/pm.pdb.B10300001_out.pdb	pm.pdb.B10490001_out/pm.pdb.B10490001_out.pdb	pm.pdb.B10340001_out/pm.pdb.B10340001_out.pdb	pm.pdb.B10650001_out/pm.pdb.B10650001_out.pdb	pm.pdb.B10290001_out/pm.pdb.B10290001_out.pdb	pm.pdb.B10590001_out/pm.pdb.B10590001_out.pdb	pm.pdb.B10110001_out/pm.pdb.B10110001_out.pdb	pm.pdb.B10350001_out/pm.pdb.B10350001_out.pdb	pm.pdb.B10210001_out/pm.pdb.B10210001_out.pdb	pm.pdb.B10360001_out/pm.pdb.B10360001_out.pdb	pm.pdb.B10380001_out/pm.pdb.B10380001_out.pdb	pm.pdb.B10080001_out/pm.pdb.B10080001_out.pdb	pm.pdb.B10670001_out/pm.pdb.B10670001_out.pdb	pm.pdb.B10460001_out/pm.pdb.B10460001_out.pdb	pm.pdb.B10520001_out/pm.pdb.B10520001_out.pdb	pm.pdb.B10420001_out/pm.pdb.B10420001_out.pdb	pm.pdb.B10060001_out/pm.pdb.B10060001_out.pdb	pm.pdb.B10310001_out/pm.pdb.B10310001_out.pdb	pm.pdb.B10570001_out/pm.pdb.B10570001_out.pdb	pm.pdb.B10700001_out/pm.pdb.B10700001_out.pdb	pm.pdb.B10230001_out/pm.pdb.B10230001_out.pdb	pm.pdb.B10130001_out/pm.pdb.B10130001_out.pdb	pm.pdb.B10470001_out/pm.pdb.B10470001_out.pdb	pm.pdb.B10030001_out/pm.pdb.B10030001_out.pdb	pm.pdb.B10090001_out/pm.pdb.B10090001_out.pdb	pm.pdb.B10600001_out/pm.pdb.B10600001_out.pdb	pm.pdb.B10640001_out/pm.pdb.B10640001_out.pdb	pm.pdb.B10540001_out/pm.pdb.B10540001_out.pdb	pm.pdb.B10400001_out/pm.pdb.B10400001_out.pdb	pm.pdb.B10120001_out/pm.pdb.B10120001_out.pdb	pm.pdb.B10430001_out/pm.pdb.B10430001_out.pdb	pm.pdb.B10040001_out/pm.pdb.B10040001_out.pdb	pm.pdb.B10240001_out/pm.pdb.B10240001_out.pdb	pm.pdb.B10550001_out/pm.pdb.B10550001_out.pdb	pm.pdb.B10330001_out/pm.pdb.B10330001_out.pdb	pm.pdb.B10630001_out/pm.pdb.B10630001_out.pdb	pm.pdb.B10440001_out/pm.pdb.B10440001_out.pdb	pm.pdb.B10530001_out/pm.pdb.B10530001_out.pdb	pm.pdb.B10680001_out/pm.pdb.B10680001_out.pdb	pm.pdb.B10190001_out/pm.pdb.B10190001_out.pdb	pm.pdb.B10170001_out/pm.pdb.B10170001_out.pdb	pm.pdb.B10560001_out/pm.pdb.B10560001_out.pdb	pm.pdb.B10050001_out/pm.pdb.B10050001_out.pdb	pm.pdb.B10280001_out/pm.pdb.B10280001_out.pdb	pm.pdb.B10260001_out/pm.pdb.B10260001_out.pdb	pm.pdb.B10510001_out/pm.pdb.B10510001_out.pdb	pm.pdb.B10140001_out/pm.pdb.B10140001_out.pdb	pm.pdb.B10200001_out/pm.pdb.B10200001_out.pdb	pm.pdb.B10150001_out/pm.pdb.B10150001_out.pdb	pm.pdb.B10070001_out/pm.pdb.B10070001_out.pdb	pm.pdb.B10660001_out/pm.pdb.B10660001_out.pdb	pm.pdb.B10100001_out/pm.pdb.B10100001_out.pdb	pm.pdb.B10180001_out/pm.pdb.B10180001_out.pdb	pm.pdb.B10720001_out/pm.pdb.B10720001_out.pdb	pm.pdb.B10610001_out/pm.pdb.B10610001_out.pdb	pm.pdb.B10500001_out/pm.pdb.B10500001_out.pdb
SER	1	A	0.032	0.0	0.0	0.0	0.0	0.0	0.0	0.0	0.0	0.0	0.0	0.0	0.0	0.014	0.0	0.0	0.0	0.0	0.0	0.0	0.0	0.0	0.0	0.0	0.0	0.0	0.0	0.017	0.0	0.0	0.0	0.0	0.0	0.0	0.0	0.0	0.0	0.0	0.0	0.0	0.0	0.0	0.0	0.0	0.0	0.0	0.0	0.0	0.0	0.0	0.0	0.0	0.0	0.0	0.018	0.0	0.0	0.0	0.0	0.0	0.0	0.0	0.0	0.0	0.0	0.0	0.0	0.0	0.0	0.0	0.0	0.0
LEU	2	A	0.032	0.0	0.0	0.0	0.0	0.0	0.0	0.0	0.015	0.0	0.0	0.0	0.0	0.014	0.0	0.0	0.0	0.0	0.0	0.0	0.0	0.0	0.0	0.0	0.0	0.0	0.0	0.017	0.0	0.0	0.0	0.0	0.0	0.0	0.0	0.0	0.0	0.0	0.0	0.0	0.015	0.0	0.0	0.0	0.0	0.0	0.0	0.0	0.0	0.0	0.0	0.016	0.0	0.0	0.0	0.0	0.0	0.0	0.0	0.0	0.0	0.0	0.0	0.0	0.0	0.0	0.0	0.0	0.0	0.0	0.0	0.0
